<?xml version="1.0" encoding="ISO-8859-1" ?>
<link_info>
   <banner>MSP430 Linker PC v18.12.4.LTS</banner>
   <copyright>Copyright (c) 2003-2018 Texas Instruments Incorporated</copyright>
   <link_time>0x5e4b8087</link_time>
   <link_errors>0x0</link_errors>
   <output_file>Lab 2.out</output_file>
   <entry_point>
      <name>_c_int00_noargs_mpu</name>
      <address>0x9f48</address>
   </entry_point>
   <input_file_list>
      <input_file id="fl-2">
         <path>.\</path>
         <kind>object</kind>
         <file>main.obj</file>
         <name>main.obj</name>
      </input_file>
      <input_file id="fl-8">
         <kind>object</kind>
         <file>&lt;internal&gt;</file>
         <name>&lt;internal&gt;</name>
      </input_file>
      <input_file id="fl-23">
         <path>D:\ProgrammingIDES\Code Composer\ccs\tools\compiler\ti-cgt-msp430_18.12.4.LTS\lib\</path>
         <kind>archive</kind>
         <file>rts430x_lc_sd_eabi.lib</file>
         <name>copy_decompress_lzss.c.obj</name>
      </input_file>
      <input_file id="fl-24">
         <path>D:\ProgrammingIDES\Code Composer\ccs\tools\compiler\ti-cgt-msp430_18.12.4.LTS\lib\</path>
         <kind>archive</kind>
         <file>rts430x_lc_sd_eabi.lib</file>
         <name>copy_decompress_none.c.obj</name>
      </input_file>
      <input_file id="fl-25">
         <path>D:\ProgrammingIDES\Code Composer\ccs\tools\compiler\ti-cgt-msp430_18.12.4.LTS\lib\</path>
         <kind>archive</kind>
         <file>rts430x_lc_sd_eabi.lib</file>
         <name>int22.asm.obj</name>
      </input_file>
      <input_file id="fl-26">
         <path>D:\ProgrammingIDES\Code Composer\ccs\tools\compiler\ti-cgt-msp430_18.12.4.LTS\lib\</path>
         <kind>archive</kind>
         <file>rts430x_lc_sd_eabi.lib</file>
         <name>isr_trap.asm.obj</name>
      </input_file>
      <input_file id="fl-27">
         <path>D:\ProgrammingIDES\Code Composer\ccs\tools\compiler\ti-cgt-msp430_18.12.4.LTS\lib\</path>
         <kind>archive</kind>
         <file>rts430x_lc_sd_eabi.lib</file>
         <name>int23.asm.obj</name>
      </input_file>
      <input_file id="fl-28">
         <path>D:\ProgrammingIDES\Code Composer\ccs\tools\compiler\ti-cgt-msp430_18.12.4.LTS\lib\</path>
         <kind>archive</kind>
         <file>rts430x_lc_sd_eabi.lib</file>
         <name>int24.asm.obj</name>
      </input_file>
      <input_file id="fl-29">
         <path>D:\ProgrammingIDES\Code Composer\ccs\tools\compiler\ti-cgt-msp430_18.12.4.LTS\lib\</path>
         <kind>archive</kind>
         <file>rts430x_lc_sd_eabi.lib</file>
         <name>int25.asm.obj</name>
      </input_file>
      <input_file id="fl-2a">
         <path>D:\ProgrammingIDES\Code Composer\ccs\tools\compiler\ti-cgt-msp430_18.12.4.LTS\lib\</path>
         <kind>archive</kind>
         <file>rts430x_lc_sd_eabi.lib</file>
         <name>int26.asm.obj</name>
      </input_file>
      <input_file id="fl-2b">
         <path>D:\ProgrammingIDES\Code Composer\ccs\tools\compiler\ti-cgt-msp430_18.12.4.LTS\lib\</path>
         <kind>archive</kind>
         <file>rts430x_lc_sd_eabi.lib</file>
         <name>int27.asm.obj</name>
      </input_file>
      <input_file id="fl-2c">
         <path>D:\ProgrammingIDES\Code Composer\ccs\tools\compiler\ti-cgt-msp430_18.12.4.LTS\lib\</path>
         <kind>archive</kind>
         <file>rts430x_lc_sd_eabi.lib</file>
         <name>int28.asm.obj</name>
      </input_file>
      <input_file id="fl-2d">
         <path>D:\ProgrammingIDES\Code Composer\ccs\tools\compiler\ti-cgt-msp430_18.12.4.LTS\lib\</path>
         <kind>archive</kind>
         <file>rts430x_lc_sd_eabi.lib</file>
         <name>int29.asm.obj</name>
      </input_file>
      <input_file id="fl-2e">
         <path>D:\ProgrammingIDES\Code Composer\ccs\tools\compiler\ti-cgt-msp430_18.12.4.LTS\lib\</path>
         <kind>archive</kind>
         <file>rts430x_lc_sd_eabi.lib</file>
         <name>int30.asm.obj</name>
      </input_file>
      <input_file id="fl-2f">
         <path>D:\ProgrammingIDES\Code Composer\ccs\tools\compiler\ti-cgt-msp430_18.12.4.LTS\lib\</path>
         <kind>archive</kind>
         <file>rts430x_lc_sd_eabi.lib</file>
         <name>int32.asm.obj</name>
      </input_file>
      <input_file id="fl-30">
         <path>D:\ProgrammingIDES\Code Composer\ccs\tools\compiler\ti-cgt-msp430_18.12.4.LTS\lib\</path>
         <kind>archive</kind>
         <file>rts430x_lc_sd_eabi.lib</file>
         <name>int33.asm.obj</name>
      </input_file>
      <input_file id="fl-31">
         <path>D:\ProgrammingIDES\Code Composer\ccs\tools\compiler\ti-cgt-msp430_18.12.4.LTS\lib\</path>
         <kind>archive</kind>
         <file>rts430x_lc_sd_eabi.lib</file>
         <name>int34.asm.obj</name>
      </input_file>
      <input_file id="fl-32">
         <path>D:\ProgrammingIDES\Code Composer\ccs\tools\compiler\ti-cgt-msp430_18.12.4.LTS\lib\</path>
         <kind>archive</kind>
         <file>rts430x_lc_sd_eabi.lib</file>
         <name>int35.asm.obj</name>
      </input_file>
      <input_file id="fl-33">
         <path>D:\ProgrammingIDES\Code Composer\ccs\tools\compiler\ti-cgt-msp430_18.12.4.LTS\lib\</path>
         <kind>archive</kind>
         <file>rts430x_lc_sd_eabi.lib</file>
         <name>int36.asm.obj</name>
      </input_file>
      <input_file id="fl-34">
         <path>D:\ProgrammingIDES\Code Composer\ccs\tools\compiler\ti-cgt-msp430_18.12.4.LTS\lib\</path>
         <kind>archive</kind>
         <file>rts430x_lc_sd_eabi.lib</file>
         <name>int37.asm.obj</name>
      </input_file>
      <input_file id="fl-35">
         <path>D:\ProgrammingIDES\Code Composer\ccs\tools\compiler\ti-cgt-msp430_18.12.4.LTS\lib\</path>
         <kind>archive</kind>
         <file>rts430x_lc_sd_eabi.lib</file>
         <name>int38.asm.obj</name>
      </input_file>
      <input_file id="fl-36">
         <path>D:\ProgrammingIDES\Code Composer\ccs\tools\compiler\ti-cgt-msp430_18.12.4.LTS\lib\</path>
         <kind>archive</kind>
         <file>rts430x_lc_sd_eabi.lib</file>
         <name>int39.asm.obj</name>
      </input_file>
      <input_file id="fl-37">
         <path>D:\ProgrammingIDES\Code Composer\ccs\tools\compiler\ti-cgt-msp430_18.12.4.LTS\lib\</path>
         <kind>archive</kind>
         <file>rts430x_lc_sd_eabi.lib</file>
         <name>int40.asm.obj</name>
      </input_file>
      <input_file id="fl-38">
         <path>D:\ProgrammingIDES\Code Composer\ccs\tools\compiler\ti-cgt-msp430_18.12.4.LTS\lib\</path>
         <kind>archive</kind>
         <file>rts430x_lc_sd_eabi.lib</file>
         <name>int41.asm.obj</name>
      </input_file>
      <input_file id="fl-39">
         <path>D:\ProgrammingIDES\Code Composer\ccs\tools\compiler\ti-cgt-msp430_18.12.4.LTS\lib\</path>
         <kind>archive</kind>
         <file>rts430x_lc_sd_eabi.lib</file>
         <name>int42.asm.obj</name>
      </input_file>
      <input_file id="fl-3a">
         <path>D:\ProgrammingIDES\Code Composer\ccs\tools\compiler\ti-cgt-msp430_18.12.4.LTS\lib\</path>
         <kind>archive</kind>
         <file>rts430x_lc_sd_eabi.lib</file>
         <name>int43.asm.obj</name>
      </input_file>
      <input_file id="fl-3b">
         <path>D:\ProgrammingIDES\Code Composer\ccs\tools\compiler\ti-cgt-msp430_18.12.4.LTS\lib\</path>
         <kind>archive</kind>
         <file>rts430x_lc_sd_eabi.lib</file>
         <name>int44.asm.obj</name>
      </input_file>
      <input_file id="fl-3c">
         <path>D:\ProgrammingIDES\Code Composer\ccs\tools\compiler\ti-cgt-msp430_18.12.4.LTS\lib\</path>
         <kind>archive</kind>
         <file>rts430x_lc_sd_eabi.lib</file>
         <name>int45.asm.obj</name>
      </input_file>
      <input_file id="fl-3d">
         <path>D:\ProgrammingIDES\Code Composer\ccs\tools\compiler\ti-cgt-msp430_18.12.4.LTS\lib\</path>
         <kind>archive</kind>
         <file>rts430x_lc_sd_eabi.lib</file>
         <name>copy_zero_init.c.obj</name>
      </input_file>
      <input_file id="fl-3e">
         <path>D:\ProgrammingIDES\Code Composer\ccs\tools\compiler\ti-cgt-msp430_18.12.4.LTS\lib\</path>
         <kind>archive</kind>
         <file>rts430x_lc_sd_eabi.lib</file>
         <name>cpy_util.asm.obj</name>
      </input_file>
      <input_file id="fl-3f">
         <path>D:\ProgrammingIDES\Code Composer\ccs\tools\compiler\ti-cgt-msp430_18.12.4.LTS\lib\</path>
         <kind>archive</kind>
         <file>rts430x_lc_sd_eabi.lib</file>
         <name>mult16_f5hw.asm.obj</name>
      </input_file>
      <input_file id="fl-40">
         <path>D:\ProgrammingIDES\Code Composer\ccs\tools\compiler\ti-cgt-msp430_18.12.4.LTS\lib\</path>
         <kind>archive</kind>
         <file>rts430x_lc_sd_eabi.lib</file>
         <name>mult32_f5hw.asm.obj</name>
      </input_file>
      <input_file id="fl-41">
         <path>D:\ProgrammingIDES\Code Composer\ccs\tools\compiler\ti-cgt-msp430_18.12.4.LTS\lib\</path>
         <kind>archive</kind>
         <file>rts430x_lc_sd_eabi.lib</file>
         <name>mult64_f5hw.asm.obj</name>
      </input_file>
      <input_file id="fl-42">
         <path>D:\ProgrammingIDES\Code Composer\ccs\tools\compiler\ti-cgt-msp430_18.12.4.LTS\lib\</path>
         <kind>archive</kind>
         <file>rts430x_lc_sd_eabi.lib</file>
         <name>mult1632_f5hw.asm.obj</name>
      </input_file>
      <input_file id="fl-43">
         <path>D:\ProgrammingIDES\Code Composer\ccs\tools\compiler\ti-cgt-msp430_18.12.4.LTS\lib\</path>
         <kind>archive</kind>
         <file>rts430x_lc_sd_eabi.lib</file>
         <name>mult3264_f5hw.asm.obj</name>
      </input_file>
      <input_file id="fl-44">
         <path>D:\ProgrammingIDES\Code Composer\ccs\tools\compiler\ti-cgt-msp430_18.12.4.LTS\lib\</path>
         <kind>archive</kind>
         <file>rts430x_lc_sd_eabi.lib</file>
         <name>boot.c.obj</name>
      </input_file>
      <input_file id="fl-45">
         <path>D:\ProgrammingIDES\Code Composer\ccs\ccs_base\msp430\lib\FR2xx\</path>
         <kind>archive</kind>
         <file>FRWP_INIT_LIB_CCS_msp430_large_code_small_data.lib</file>
         <name>frwp_init.obj</name>
      </input_file>
      <input_file id="fl-46">
         <path>D:\ProgrammingIDES\Code Composer\ccs\tools\compiler\ti-cgt-msp430_18.12.4.LTS\lib\</path>
         <kind>archive</kind>
         <file>rts430x_lc_sd_eabi.lib</file>
         <name>args_main.c.obj</name>
      </input_file>
      <input_file id="fl-47">
         <path>D:\ProgrammingIDES\Code Composer\ccs\tools\compiler\ti-cgt-msp430_18.12.4.LTS\lib\</path>
         <kind>archive</kind>
         <file>rts430x_lc_sd_eabi.lib</file>
         <name>autoinit.c.obj</name>
      </input_file>
      <input_file id="fl-48">
         <path>D:\ProgrammingIDES\Code Composer\ccs\tools\compiler\ti-cgt-msp430_18.12.4.LTS\lib\</path>
         <kind>archive</kind>
         <file>rts430x_lc_sd_eabi.lib</file>
         <name>startup.c.obj</name>
      </input_file>
      <input_file id="fl-49">
         <path>D:\ProgrammingIDES\Code Composer\ccs\tools\compiler\ti-cgt-msp430_18.12.4.LTS\lib\</path>
         <kind>archive</kind>
         <file>rts430x_lc_sd_eabi.lib</file>
         <name>pre_init.c.obj</name>
      </input_file>
      <input_file id="fl-4a">
         <path>D:\ProgrammingIDES\Code Composer\ccs\tools\compiler\ti-cgt-msp430_18.12.4.LTS\lib\</path>
         <kind>archive</kind>
         <file>rts430x_lc_sd_eabi.lib</file>
         <name>cpy_tbl.c.obj</name>
      </input_file>
      <input_file id="fl-4b">
         <path>D:\ProgrammingIDES\Code Composer\ccs\tools\compiler\ti-cgt-msp430_18.12.4.LTS\lib\</path>
         <kind>archive</kind>
         <file>rts430x_lc_sd_eabi.lib</file>
         <name>mult16.asm.obj</name>
      </input_file>
      <input_file id="fl-4c">
         <path>D:\ProgrammingIDES\Code Composer\ccs\tools\compiler\ti-cgt-msp430_18.12.4.LTS\lib\</path>
         <kind>archive</kind>
         <file>rts430x_lc_sd_eabi.lib</file>
         <name>exit.c.obj</name>
      </input_file>
      <input_file id="fl-4d">
         <path>D:\ProgrammingIDES\Code Composer\ccs\tools\compiler\ti-cgt-msp430_18.12.4.LTS\lib\</path>
         <kind>archive</kind>
         <file>rts430x_lc_sd_eabi.lib</file>
         <name>exit_gvars.c.obj</name>
      </input_file>
      <input_file id="fl-4e">
         <path>D:\ProgrammingIDES\Code Composer\ccs\tools\compiler\ti-cgt-msp430_18.12.4.LTS\lib\</path>
         <kind>archive</kind>
         <file>rts430x_lc_sd_eabi.lib</file>
         <name>_lock.c.obj</name>
      </input_file>
      <input_file id="fl-4f">
         <path>D:\ProgrammingIDES\Code Composer\ccs\tools\compiler\ti-cgt-msp430_18.12.4.LTS\lib\</path>
         <kind>archive</kind>
         <file>rts430x_lc_sd_eabi.lib</file>
         <name>memcpy.c.obj</name>
      </input_file>
      <input_file id="fl-50">
         <path>D:\ProgrammingIDES\Code Composer\ccs\tools\compiler\ti-cgt-msp430_18.12.4.LTS\lib\</path>
         <kind>archive</kind>
         <file>rts430x_lc_sd_eabi.lib</file>
         <name>printf.c.obj</name>
      </input_file>
      <input_file id="fl-51">
         <path>D:\ProgrammingIDES\Code Composer\ccs\tools\compiler\ti-cgt-msp430_18.12.4.LTS\lib\</path>
         <kind>archive</kind>
         <file>rts430x_lc_sd_eabi.lib</file>
         <name>_printfi_min.c.obj</name>
      </input_file>
      <input_file id="fl-52">
         <path>D:\ProgrammingIDES\Code Composer\ccs\tools\compiler\ti-cgt-msp430_18.12.4.LTS\lib\</path>
         <kind>archive</kind>
         <file>rts430x_lc_sd_eabi.lib</file>
         <name>div16u.asm.obj</name>
      </input_file>
      <input_file id="fl-53">
         <path>D:\ProgrammingIDES\Code Composer\ccs\tools\compiler\ti-cgt-msp430_18.12.4.LTS\lib\</path>
         <kind>archive</kind>
         <file>rts430x_lc_sd_eabi.lib</file>
         <name>lsr64.c.obj</name>
      </input_file>
      <input_file id="fl-54">
         <path>D:\ProgrammingIDES\Code Composer\ccs\tools\compiler\ti-cgt-msp430_18.12.4.LTS\lib\</path>
         <kind>archive</kind>
         <file>rts430x_lc_sd_eabi.lib</file>
         <name>defs.c.obj</name>
      </input_file>
      <input_file id="fl-55">
         <path>D:\ProgrammingIDES\Code Composer\ccs\tools\compiler\ti-cgt-msp430_18.12.4.LTS\lib\</path>
         <kind>archive</kind>
         <file>rts430x_lc_sd_eabi.lib</file>
         <name>fputc.c.obj</name>
      </input_file>
      <input_file id="fl-56">
         <path>D:\ProgrammingIDES\Code Composer\ccs\tools\compiler\ti-cgt-msp430_18.12.4.LTS\lib\</path>
         <kind>archive</kind>
         <file>rts430x_lc_sd_eabi.lib</file>
         <name>fflush.c.obj</name>
      </input_file>
      <input_file id="fl-57">
         <path>D:\ProgrammingIDES\Code Composer\ccs\tools\compiler\ti-cgt-msp430_18.12.4.LTS\lib\</path>
         <kind>archive</kind>
         <file>rts430x_lc_sd_eabi.lib</file>
         <name>_io_perm.c.obj</name>
      </input_file>
      <input_file id="fl-58">
         <path>D:\ProgrammingIDES\Code Composer\ccs\tools\compiler\ti-cgt-msp430_18.12.4.LTS\lib\</path>
         <kind>archive</kind>
         <file>rts430x_lc_sd_eabi.lib</file>
         <name>fputs.c.obj</name>
      </input_file>
      <input_file id="fl-59">
         <path>D:\ProgrammingIDES\Code Composer\ccs\tools\compiler\ti-cgt-msp430_18.12.4.LTS\lib\</path>
         <kind>archive</kind>
         <file>rts430x_lc_sd_eabi.lib</file>
         <name>fseek.c.obj</name>
      </input_file>
      <input_file id="fl-5a">
         <path>D:\ProgrammingIDES\Code Composer\ccs\tools\compiler\ti-cgt-msp430_18.12.4.LTS\lib\</path>
         <kind>archive</kind>
         <file>rts430x_lc_sd_eabi.lib</file>
         <name>lseek.c.obj</name>
      </input_file>
      <input_file id="fl-5b">
         <path>D:\ProgrammingIDES\Code Composer\ccs\tools\compiler\ti-cgt-msp430_18.12.4.LTS\lib\</path>
         <kind>archive</kind>
         <file>rts430x_lc_sd_eabi.lib</file>
         <name>host_device.c.obj</name>
      </input_file>
      <input_file id="fl-5c">
         <path>D:\ProgrammingIDES\Code Composer\ccs\tools\compiler\ti-cgt-msp430_18.12.4.LTS\lib\</path>
         <kind>archive</kind>
         <file>rts430x_lc_sd_eabi.lib</file>
         <name>hostclose.c.obj</name>
      </input_file>
      <input_file id="fl-5d">
         <path>D:\ProgrammingIDES\Code Composer\ccs\tools\compiler\ti-cgt-msp430_18.12.4.LTS\lib\</path>
         <kind>archive</kind>
         <file>rts430x_lc_sd_eabi.lib</file>
         <name>hostlseek.c.obj</name>
      </input_file>
      <input_file id="fl-5e">
         <path>D:\ProgrammingIDES\Code Composer\ccs\tools\compiler\ti-cgt-msp430_18.12.4.LTS\lib\</path>
         <kind>archive</kind>
         <file>rts430x_lc_sd_eabi.lib</file>
         <name>hostopen.c.obj</name>
      </input_file>
      <input_file id="fl-5f">
         <path>D:\ProgrammingIDES\Code Composer\ccs\tools\compiler\ti-cgt-msp430_18.12.4.LTS\lib\</path>
         <kind>archive</kind>
         <file>rts430x_lc_sd_eabi.lib</file>
         <name>hostread.c.obj</name>
      </input_file>
      <input_file id="fl-60">
         <path>D:\ProgrammingIDES\Code Composer\ccs\tools\compiler\ti-cgt-msp430_18.12.4.LTS\lib\</path>
         <kind>archive</kind>
         <file>rts430x_lc_sd_eabi.lib</file>
         <name>hostrename.c.obj</name>
      </input_file>
      <input_file id="fl-61">
         <path>D:\ProgrammingIDES\Code Composer\ccs\tools\compiler\ti-cgt-msp430_18.12.4.LTS\lib\</path>
         <kind>archive</kind>
         <file>rts430x_lc_sd_eabi.lib</file>
         <name>hostunlink.c.obj</name>
      </input_file>
      <input_file id="fl-62">
         <path>D:\ProgrammingIDES\Code Composer\ccs\tools\compiler\ti-cgt-msp430_18.12.4.LTS\lib\</path>
         <kind>archive</kind>
         <file>rts430x_lc_sd_eabi.lib</file>
         <name>hostwrite.c.obj</name>
      </input_file>
      <input_file id="fl-63">
         <path>D:\ProgrammingIDES\Code Composer\ccs\tools\compiler\ti-cgt-msp430_18.12.4.LTS\lib\</path>
         <kind>archive</kind>
         <file>rts430x_lc_sd_eabi.lib</file>
         <name>trgmsg.c.obj</name>
      </input_file>
      <input_file id="fl-64">
         <path>D:\ProgrammingIDES\Code Composer\ccs\tools\compiler\ti-cgt-msp430_18.12.4.LTS\lib\</path>
         <kind>archive</kind>
         <file>rts430x_lc_sd_eabi.lib</file>
         <name>lsl32.asm.obj</name>
      </input_file>
      <input_file id="fl-65">
         <path>D:\ProgrammingIDES\Code Composer\ccs\tools\compiler\ti-cgt-msp430_18.12.4.LTS\lib\</path>
         <kind>archive</kind>
         <file>rts430x_lc_sd_eabi.lib</file>
         <name>memccpy.c.obj</name>
      </input_file>
      <input_file id="fl-66">
         <path>D:\ProgrammingIDES\Code Composer\ccs\tools\compiler\ti-cgt-msp430_18.12.4.LTS\lib\</path>
         <kind>archive</kind>
         <file>rts430x_lc_sd_eabi.lib</file>
         <name>memchr.c.obj</name>
      </input_file>
      <input_file id="fl-67">
         <path>D:\ProgrammingIDES\Code Composer\ccs\tools\compiler\ti-cgt-msp430_18.12.4.LTS\lib\</path>
         <kind>archive</kind>
         <file>rts430x_lc_sd_eabi.lib</file>
         <name>memset.c.obj</name>
      </input_file>
      <input_file id="fl-68">
         <path>D:\ProgrammingIDES\Code Composer\ccs\tools\compiler\ti-cgt-msp430_18.12.4.LTS\lib\</path>
         <kind>archive</kind>
         <file>rts430x_lc_sd_eabi.lib</file>
         <name>setvbuf.c.obj</name>
      </input_file>
      <input_file id="fl-69">
         <path>D:\ProgrammingIDES\Code Composer\ccs\tools\compiler\ti-cgt-msp430_18.12.4.LTS\lib\</path>
         <kind>archive</kind>
         <file>rts430x_lc_sd_eabi.lib</file>
         <name>fopen.c.obj</name>
      </input_file>
      <input_file id="fl-6a">
         <path>D:\ProgrammingIDES\Code Composer\ccs\tools\compiler\ti-cgt-msp430_18.12.4.LTS\lib\</path>
         <kind>archive</kind>
         <file>rts430x_lc_sd_eabi.lib</file>
         <name>fclose.c.obj</name>
      </input_file>
      <input_file id="fl-6b">
         <path>D:\ProgrammingIDES\Code Composer\ccs\tools\compiler\ti-cgt-msp430_18.12.4.LTS\lib\</path>
         <kind>archive</kind>
         <file>rts430x_lc_sd_eabi.lib</file>
         <name>close.c.obj</name>
      </input_file>
      <input_file id="fl-6c">
         <path>D:\ProgrammingIDES\Code Composer\ccs\tools\compiler\ti-cgt-msp430_18.12.4.LTS\lib\</path>
         <kind>archive</kind>
         <file>rts430x_lc_sd_eabi.lib</file>
         <name>memory.c.obj</name>
      </input_file>
      <input_file id="fl-6d">
         <path>D:\ProgrammingIDES\Code Composer\ccs\tools\compiler\ti-cgt-msp430_18.12.4.LTS\lib\</path>
         <kind>archive</kind>
         <file>rts430x_lc_sd_eabi.lib</file>
         <name>open.c.obj</name>
      </input_file>
      <input_file id="fl-6e">
         <path>D:\ProgrammingIDES\Code Composer\ccs\tools\compiler\ti-cgt-msp430_18.12.4.LTS\lib\</path>
         <kind>archive</kind>
         <file>rts430x_lc_sd_eabi.lib</file>
         <name>getdevice.c.obj</name>
      </input_file>
      <input_file id="fl-6f">
         <path>D:\ProgrammingIDES\Code Composer\ccs\tools\compiler\ti-cgt-msp430_18.12.4.LTS\lib\</path>
         <kind>archive</kind>
         <file>rts430x_lc_sd_eabi.lib</file>
         <name>remove.c.obj</name>
      </input_file>
      <input_file id="fl-70">
         <path>D:\ProgrammingIDES\Code Composer\ccs\tools\compiler\ti-cgt-msp430_18.12.4.LTS\lib\</path>
         <kind>archive</kind>
         <file>rts430x_lc_sd_eabi.lib</file>
         <name>strchr.c.obj</name>
      </input_file>
      <input_file id="fl-71">
         <path>D:\ProgrammingIDES\Code Composer\ccs\tools\compiler\ti-cgt-msp430_18.12.4.LTS\lib\</path>
         <kind>archive</kind>
         <file>rts430x_lc_sd_eabi.lib</file>
         <name>strcmp.c.obj</name>
      </input_file>
      <input_file id="fl-72">
         <path>D:\ProgrammingIDES\Code Composer\ccs\tools\compiler\ti-cgt-msp430_18.12.4.LTS\lib\</path>
         <kind>archive</kind>
         <file>rts430x_lc_sd_eabi.lib</file>
         <name>strcpy.c.obj</name>
      </input_file>
      <input_file id="fl-73">
         <path>D:\ProgrammingIDES\Code Composer\ccs\tools\compiler\ti-cgt-msp430_18.12.4.LTS\lib\</path>
         <kind>archive</kind>
         <file>rts430x_lc_sd_eabi.lib</file>
         <name>strlen.c.obj</name>
      </input_file>
      <input_file id="fl-74">
         <path>D:\ProgrammingIDES\Code Composer\ccs\tools\compiler\ti-cgt-msp430_18.12.4.LTS\lib\</path>
         <kind>archive</kind>
         <file>rts430x_lc_sd_eabi.lib</file>
         <name>strncpy.c.obj</name>
      </input_file>
      <input_file id="fl-75">
         <path>D:\ProgrammingIDES\Code Composer\ccs\tools\compiler\ti-cgt-msp430_18.12.4.LTS\lib\</path>
         <kind>archive</kind>
         <file>rts430x_lc_sd_eabi.lib</file>
         <name>unlink.c.obj</name>
      </input_file>
      <input_file id="fl-76">
         <path>D:\ProgrammingIDES\Code Composer\ccs\tools\compiler\ti-cgt-msp430_18.12.4.LTS\lib\</path>
         <kind>archive</kind>
         <file>rts430x_lc_sd_eabi.lib</file>
         <name>write.c.obj</name>
      </input_file>
   </input_file_list>
   <object_component_list>
      <object_component id="oc-82b">
         <name>.cio</name>
         <load_address>0x8000</load_address>
         <run_address>0x8000</run_address>
         <size>0x120</size>
         <input_file_ref idref="fl-63"/>
      </object_component>
      <object_component id="oc-484">
         <name>.sysmem</name>
         <load_address>0x8120</load_address>
         <run_address>0x8120</run_address>
         <size>0x8</size>
         <input_file_ref idref="fl-6c"/>
      </object_component>
      <object_component id="oc-8dd">
         <name>.sysmem</name>
         <load_address>0x8120</load_address>
         <run_address>0x8120</run_address>
         <size>0x0</size>
      </object_component>
      <object_component id="oc-8db">
         <name>.cinit..data.load</name>
         <load_address>0x8400</load_address>
         <run_address>0x8400</run_address>
         <size>0x134</size>
      </object_component>
      <object_component id="oc-8d8">
         <name>__TI_handler_table</name>
         <load_address>0x8536</load_address>
         <run_address>0x8536</run_address>
         <size>0xc</size>
      </object_component>
      <object_component id="oc-8da">
         <name>.cinit..bss.load</name>
         <load_address>0x8542</load_address>
         <run_address>0x8542</run_address>
         <size>0x6</size>
      </object_component>
      <object_component id="oc-8d9">
         <name>__TI_cinit_table</name>
         <load_address>0x8548</load_address>
         <run_address>0x8548</run_address>
         <size>0x10</size>
      </object_component>
      <object_component id="oc-878">
         <name>.binit</name>
         <load_address>0x8558</load_address>
         <run_address>0x8558</run_address>
         <size>0x0</size>
      </object_component>
      <object_component id="oc-6f4">
         <name>.const:.string</name>
         <load_address>0x8558</load_address>
         <run_address>0x8558</run_address>
         <size>0x14</size>
         <input_file_ref idref="fl-51"/>
      </object_component>
      <object_component id="oc-65f">
         <name>.const:$P$T0$1</name>
         <load_address>0x856c</load_address>
         <run_address>0x856c</run_address>
         <size>0x10</size>
         <input_file_ref idref="fl-2"/>
      </object_component>
      <object_component id="oc-559">
         <name>.const:.string</name>
         <load_address>0x857c</load_address>
         <run_address>0x857c</run_address>
         <size>0x4</size>
         <input_file_ref idref="fl-2"/>
      </object_component>
      <object_component id="oc-572">
         <name>.text:dPattern</name>
         <load_address>0x8580</load_address>
         <run_address>0x8580</run_address>
         <size>0x1a4</size>
         <input_file_ref idref="fl-2"/>
      </object_component>
      <object_component id="oc-553">
         <name>.text:checkKeypad</name>
         <load_address>0x8724</load_address>
         <run_address>0x8724</run_address>
         <size>0x198</size>
         <input_file_ref idref="fl-2"/>
      </object_component>
      <object_component id="oc-684">
         <name>.text:_setfield</name>
         <load_address>0x88bc</load_address>
         <run_address>0x88bc</run_address>
         <size>0x10e</size>
         <input_file_ref idref="fl-51"/>
      </object_component>
      <object_component id="oc-78e">
         <name>.text:aligned_alloc</name>
         <load_address>0x89ca</load_address>
         <run_address>0x89ca</run_address>
         <size>0xfe</size>
         <input_file_ref idref="fl-6c"/>
      </object_component>
      <object_component id="oc-66">
         <name>.text:decompress:lzss:__TI_decompress_lzss</name>
         <load_address>0x8ac8</load_address>
         <run_address>0x8ac8</run_address>
         <size>0xee</size>
         <input_file_ref idref="fl-23"/>
      </object_component>
      <object_component id="oc-603">
         <name>.text:__TI_printfi_minimal</name>
         <load_address>0x8bb6</load_address>
         <run_address>0x8bb6</run_address>
         <size>0xe2</size>
         <input_file_ref idref="fl-51"/>
      </object_component>
      <object_component id="oc-56c">
         <name>.text:cPattern</name>
         <load_address>0x8c98</load_address>
         <run_address>0x8c98</run_address>
         <size>0xde</size>
         <input_file_ref idref="fl-2"/>
      </object_component>
      <object_component id="oc-670">
         <name>.text:fputs</name>
         <load_address>0x8d76</load_address>
         <run_address>0x8d76</run_address>
         <size>0xde</size>
         <input_file_ref idref="fl-58"/>
      </object_component>
      <object_component id="oc-501">
         <name>.text:main</name>
         <load_address>0x8e54</load_address>
         <run_address>0x8e54</run_address>
         <size>0xda</size>
         <input_file_ref idref="fl-2"/>
      </object_component>
      <object_component id="oc-747">
         <name>.text:free</name>
         <load_address>0x8f2e</load_address>
         <run_address>0x8f2e</run_address>
         <size>0xd2</size>
         <input_file_ref idref="fl-6c"/>
      </object_component>
      <object_component id="oc-719">
         <name>.text:setvbuf</name>
         <load_address>0x9000</load_address>
         <run_address>0x9000</run_address>
         <size>0xcc</size>
         <input_file_ref idref="fl-68"/>
      </object_component>
      <object_component id="oc-6f5">
         <name>.text:_pproc_diouxp</name>
         <load_address>0x90cc</load_address>
         <run_address>0x90cc</run_address>
         <size>0xc4</size>
         <input_file_ref idref="fl-51"/>
      </object_component>
      <object_component id="oc-677">
         <name>.text:fputc</name>
         <load_address>0x9190</load_address>
         <run_address>0x9190</run_address>
         <size>0x8c</size>
         <input_file_ref idref="fl-55"/>
      </object_component>
      <object_component id="oc-53b">
         <name>.text:readCol</name>
         <load_address>0x921c</load_address>
         <run_address>0x921c</run_address>
         <size>0x88</size>
         <input_file_ref idref="fl-2"/>
      </object_component>
      <object_component id="oc-547">
         <name>.text:readRow</name>
         <load_address>0x92a4</load_address>
         <run_address>0x92a4</run_address>
         <size>0x86</size>
         <input_file_ref idref="fl-2"/>
      </object_component>
      <object_component id="oc-7b9">
         <name>.text:HOSTlseek</name>
         <load_address>0x932a</load_address>
         <run_address>0x932a</run_address>
         <size>0x82</size>
         <input_file_ref idref="fl-5d"/>
      </object_component>
      <object_component id="oc-6d0">
         <name>.text:__TI_wrt_ok</name>
         <load_address>0x93ac</load_address>
         <run_address>0x93ac</run_address>
         <size>0x7a</size>
         <input_file_ref idref="fl-57"/>
      </object_component>
      <object_component id="oc-7c5">
         <name>.text:HOSTrename</name>
         <load_address>0x9426</load_address>
         <run_address>0x9426</run_address>
         <size>0x6a</size>
         <input_file_ref idref="fl-60"/>
      </object_component>
      <object_component id="oc-59f">
         <name>.text:__TI_auto_init_nobinit_nopinit_hold_wdt:__TI_auto_init_nobinit_nopinit_hold_wdt</name>
         <load_address>0x9490</load_address>
         <run_address>0x9490</run_address>
         <size>0x6a</size>
         <input_file_ref idref="fl-47"/>
      </object_component>
      <object_component id="oc-713">
         <name>.text:fseek</name>
         <load_address>0x94fa</load_address>
         <run_address>0x94fa</run_address>
         <size>0x6a</size>
         <input_file_ref idref="fl-59"/>
      </object_component>
      <object_component id="oc-795">
         <name>.text:__TI_closefile</name>
         <load_address>0x9564</load_address>
         <run_address>0x9564</run_address>
         <size>0x68</size>
         <input_file_ref idref="fl-6a"/>
      </object_component>
      <object_component id="oc-7d9">
         <name>.text:split</name>
         <load_address>0x95cc</load_address>
         <run_address>0x95cc</run_address>
         <size>0x68</size>
         <input_file_ref idref="fl-6c"/>
      </object_component>
      <object_component id="oc-7a1">
         <name>.text:HOSTopen</name>
         <load_address>0x9634</load_address>
         <run_address>0x9634</run_address>
         <size>0x64</size>
         <input_file_ref idref="fl-5e"/>
      </object_component>
      <object_component id="oc-6dc">
         <name>.text:__TI_doflush</name>
         <load_address>0x9698</load_address>
         <run_address>0x9698</run_address>
         <size>0x62</size>
         <input_file_ref idref="fl-56"/>
      </object_component>
      <object_component id="oc-7b3">
         <name>.text:HOSTwrite</name>
         <load_address>0x96fa</load_address>
         <run_address>0x96fa</run_address>
         <size>0x60</size>
         <input_file_ref idref="fl-62"/>
      </object_component>
      <object_component id="oc-7ad">
         <name>.text:HOSTread</name>
         <load_address>0x975a</load_address>
         <run_address>0x975a</run_address>
         <size>0x5e</size>
         <input_file_ref idref="fl-5f"/>
      </object_component>
      <object_component id="oc-81f">
         <name>.text:getdevice</name>
         <load_address>0x97b8</load_address>
         <run_address>0x97b8</run_address>
         <size>0x54</size>
         <input_file_ref idref="fl-6e"/>
      </object_component>
      <object_component id="oc-535">
         <name>.text:initI2C</name>
         <load_address>0x980c</load_address>
         <run_address>0x980c</run_address>
         <size>0x50</size>
         <input_file_ref idref="fl-2"/>
      </object_component>
      <object_component id="oc-7e0">
         <name>.text:close</name>
         <load_address>0x985c</load_address>
         <run_address>0x985c</run_address>
         <size>0x4a</size>
         <input_file_ref idref="fl-6b"/>
      </object_component>
      <object_component id="oc-581">
         <name>.text:exit</name>
         <load_address>0x98a6</load_address>
         <run_address>0x98a6</run_address>
         <size>0x48</size>
         <input_file_ref idref="fl-4c"/>
      </object_component>
      <object_component id="oc-7a7">
         <name>.text:HOSTclose</name>
         <load_address>0x98ee</load_address>
         <run_address>0x98ee</run_address>
         <size>0x46</size>
         <input_file_ref idref="fl-5c"/>
      </object_component>
      <object_component id="oc-7bf">
         <name>.text:HOSTunlink</name>
         <load_address>0x9934</load_address>
         <run_address>0x9934</run_address>
         <size>0x42</size>
         <input_file_ref idref="fl-61"/>
      </object_component>
      <object_component id="oc-5ea">
         <name>.text:whichKey</name>
         <load_address>0x9976</load_address>
         <run_address>0x9976</run_address>
         <size>0x42</size>
         <input_file_ref idref="fl-2"/>
      </object_component>
      <object_component id="oc-492">
         <name>.text:__memcpy_far</name>
         <load_address>0x99b8</load_address>
         <run_address>0x99b8</run_address>
         <size>0x40</size>
         <input_file_ref idref="fl-3e"/>
      </object_component>
      <object_component id="oc-52f">
         <name>.text:initializeGPIO</name>
         <load_address>0x99f8</load_address>
         <run_address>0x99f8</run_address>
         <size>0x40</size>
         <input_file_ref idref="fl-2"/>
      </object_component>
      <object_component id="oc-55a">
         <name>.text:printf</name>
         <load_address>0x9a38</load_address>
         <run_address>0x9a38</run_address>
         <size>0x40</size>
         <input_file_ref idref="fl-50"/>
      </object_component>
      <object_component id="oc-566">
         <name>.text:bPattern</name>
         <load_address>0x9a78</load_address>
         <run_address>0x9a78</run_address>
         <size>0x3e</size>
         <input_file_ref idref="fl-2"/>
      </object_component>
      <object_component id="oc-4a9">
         <name>.text:decompress:ZI:__TI_zero_init_nomemset:__TI_zero_init_nomemset</name>
         <load_address>0x9ab6</load_address>
         <run_address>0x9ab6</run_address>
         <size>0x3e</size>
         <input_file_ref idref="fl-3d"/>
      </object_component>
      <object_component id="oc-807">
         <name>.text:l_lsl_const</name>
         <load_address>0x9af4</load_address>
         <run_address>0x9af4</run_address>
         <size>0x3e</size>
         <input_file_ref idref="fl-64"/>
      </object_component>
      <object_component id="oc-513">
         <name>.text:__mpu_init</name>
         <load_address>0x9b32</load_address>
         <run_address>0x9b32</run_address>
         <size>0x3c</size>
         <input_file_ref idref="fl-45"/>
      </object_component>
      <object_component id="oc-6c">
         <name>.text:decompress:none:__TI_decompress_none</name>
         <load_address>0x9b6e</load_address>
         <run_address>0x9b6e</run_address>
         <size>0x3c</size>
         <input_file_ref idref="fl-24"/>
      </object_component>
      <object_component id="oc-560">
         <name>.text:aPattern</name>
         <load_address>0x9baa</load_address>
         <run_address>0x9baa</run_address>
         <size>0x3a</size>
         <input_file_ref idref="fl-2"/>
      </object_component>
      <object_component id="oc-753">
         <name>.text:__TI_cleanup</name>
         <load_address>0x9be4</load_address>
         <run_address>0x9be4</run_address>
         <size>0x32</size>
         <input_file_ref idref="fl-69"/>
      </object_component>
      <object_component id="oc-54d">
         <name>.text:clearAllLed</name>
         <load_address>0x9c16</load_address>
         <run_address>0x9c16</run_address>
         <size>0x32</size>
         <input_file_ref idref="fl-2"/>
      </object_component>
      <object_component id="oc-7f4">
         <name>.text:__TI_writemsg</name>
         <load_address>0x9c48</load_address>
         <run_address>0x9c48</run_address>
         <size>0x2e</size>
         <input_file_ref idref="fl-63"/>
      </object_component>
      <object_component id="oc-84e">
         <name>.text:finddevice</name>
         <load_address>0x9c76</load_address>
         <run_address>0x9c76</run_address>
         <size>0x2e</size>
         <input_file_ref idref="fl-6e"/>
      </object_component>
      <object_component id="oc-7fa">
         <name>.text:__TI_readmsg</name>
         <load_address>0x9ca4</load_address>
         <run_address>0x9ca4</run_address>
         <size>0x2c</size>
         <input_file_ref idref="fl-63"/>
      </object_component>
      <object_component id="oc-848">
         <name>.text:strncpy</name>
         <load_address>0x9cd0</load_address>
         <run_address>0x9cd0</run_address>
         <size>0x2c</size>
         <input_file_ref idref="fl-74"/>
      </object_component>
      <object_component id="oc-5de">
         <name>.text:changeCOut</name>
         <load_address>0x9cfc</load_address>
         <run_address>0x9cfc</run_address>
         <size>0x2a</size>
         <input_file_ref idref="fl-2"/>
      </object_component>
      <object_component id="oc-61b">
         <name>.text:setAllLed</name>
         <load_address>0x9d26</load_address>
         <run_address>0x9d26</run_address>
         <size>0x2a</size>
         <input_file_ref idref="fl-2"/>
      </object_component>
      <object_component id="oc-7e7">
         <name>.text:unlink</name>
         <load_address>0x9d50</load_address>
         <run_address>0x9d50</run_address>
         <size>0x2a</size>
         <input_file_ref idref="fl-75"/>
      </object_component>
      <object_component id="oc-787">
         <name>.text:free_list_insert</name>
         <load_address>0x9d7a</load_address>
         <run_address>0x9d7a</run_address>
         <size>0x28</size>
         <input_file_ref idref="fl-6c"/>
      </object_component>
      <object_component id="oc-73f">
         <name>.text:lseek</name>
         <load_address>0x9da2</load_address>
         <run_address>0x9da2</run_address>
         <size>0x26</size>
         <input_file_ref idref="fl-5a"/>
      </object_component>
      <object_component id="oc-6e2">
         <name>.text:write</name>
         <load_address>0x9dc8</load_address>
         <run_address>0x9dc8</run_address>
         <size>0x24</size>
         <input_file_ref idref="fl-76"/>
      </object_component>
      <object_component id="oc-781">
         <name>.text:free_list_remove</name>
         <load_address>0x9dec</load_address>
         <run_address>0x9dec</run_address>
         <size>0x1c</size>
         <input_file_ref idref="fl-6c"/>
      </object_component>
      <object_component id="oc-6fb">
         <name>.text:memccpy</name>
         <load_address>0x9e08</load_address>
         <run_address>0x9e08</run_address>
         <size>0x1a</size>
         <input_file_ref idref="fl-65"/>
      </object_component>
      <object_component id="oc-842">
         <name>.text:strchr</name>
         <load_address>0x9e22</load_address>
         <run_address>0x9e22</run_address>
         <size>0x1a</size>
         <input_file_ref idref="fl-70"/>
      </object_component>
      <object_component id="oc-5d1">
         <name>.text:delay</name>
         <load_address>0x9e3c</load_address>
         <run_address>0x9e3c</run_address>
         <size>0x18</size>
         <input_file_ref idref="fl-2"/>
      </object_component>
      <object_component id="oc-6bd">
         <name>.text</name>
         <load_address>0x9e54</load_address>
         <run_address>0x9e54</run_address>
         <size>0x18</size>
         <input_file_ref idref="fl-3f"/>
      </object_component>
      <object_component id="oc-867">
         <name>.text:strcmp</name>
         <load_address>0x9e6c</load_address>
         <run_address>0x9e6c</run_address>
         <size>0x18</size>
         <input_file_ref idref="fl-71"/>
      </object_component>
      <object_component id="oc-5e4">
         <name>.text:pullCHigh</name>
         <load_address>0x9e84</load_address>
         <run_address>0x9e84</run_address>
         <size>0x16</size>
         <input_file_ref idref="fl-2"/>
      </object_component>
      <object_component id="oc-732">
         <name>.text</name>
         <load_address>0x9e9a</load_address>
         <run_address>0x9e9a</run_address>
         <size>0x16</size>
         <input_file_ref idref="fl-52"/>
      </object_component>
      <object_component id="oc-6d6">
         <name>.text:memchr</name>
         <load_address>0x9eb0</load_address>
         <run_address>0x9eb0</run_address>
         <size>0x14</size>
         <input_file_ref idref="fl-66"/>
      </object_component>
      <object_component id="oc-6ee">
         <name>.text:memset</name>
         <load_address>0x9ec4</load_address>
         <run_address>0x9ec4</run_address>
         <size>0x14</size>
         <input_file_ref idref="fl-67"/>
      </object_component>
      <object_component id="oc-541">
         <name>.text:memcpy</name>
         <load_address>0x9ed8</load_address>
         <run_address>0x9ed8</run_address>
         <size>0x12</size>
         <input_file_ref idref="fl-4f"/>
      </object_component>
      <object_component id="oc-810">
         <name>.text:strcpy</name>
         <load_address>0x9eea</load_address>
         <run_address>0x9eea</run_address>
         <size>0x10</size>
         <input_file_ref idref="fl-72"/>
      </object_component>
      <object_component id="oc-67e">
         <name>.text:strlen</name>
         <load_address>0x9efa</load_address>
         <run_address>0x9efa</run_address>
         <size>0xe</size>
         <input_file_ref idref="fl-73"/>
      </object_component>
      <object_component id="oc-614">
         <name>.text:clearLed</name>
         <load_address>0x9f08</load_address>
         <run_address>0x9f08</run_address>
         <size>0xa</size>
         <input_file_ref idref="fl-2"/>
      </object_component>
      <object_component id="oc-60e">
         <name>.text:setLed</name>
         <load_address>0x9f12</load_address>
         <run_address>0x9f12</run_address>
         <size>0xa</size>
         <input_file_ref idref="fl-2"/>
      </object_component>
      <object_component id="oc-74d">
         <name>.text:malloc</name>
         <load_address>0x9f1c</load_address>
         <run_address>0x9f1c</run_address>
         <size>0x8</size>
         <input_file_ref idref="fl-6c"/>
      </object_component>
      <object_component id="oc-5fd">
         <name>.text:_outc</name>
         <load_address>0x9f24</load_address>
         <run_address>0x9f24</run_address>
         <size>0x6</size>
         <input_file_ref idref="fl-50"/>
      </object_component>
      <object_component id="oc-57b">
         <name>.text:abort</name>
         <load_address>0x9f2a</load_address>
         <run_address>0x9f2a</run_address>
         <size>0x6</size>
         <input_file_ref idref="fl-4c"/>
      </object_component>
      <object_component id="oc-5cb">
         <name>.text:startI2C</name>
         <load_address>0x9f30</load_address>
         <run_address>0x9f30</run_address>
         <size>0x6</size>
         <input_file_ref idref="fl-2"/>
      </object_component>
      <object_component id="oc-5d7">
         <name>.text:stopI2C</name>
         <load_address>0x9f36</load_address>
         <run_address>0x9f36</run_address>
         <size>0x6</size>
         <input_file_ref idref="fl-2"/>
      </object_component>
      <object_component id="oc-5f7">
         <name>.text:_outs</name>
         <load_address>0x9f3c</load_address>
         <run_address>0x9f3c</run_address>
         <size>0x4</size>
         <input_file_ref idref="fl-50"/>
      </object_component>
      <object_component id="oc-4fb">
         <name>.text:_system_pre_init</name>
         <load_address>0x9f40</load_address>
         <run_address>0x9f40</run_address>
         <size>0x4</size>
         <input_file_ref idref="fl-49"/>
      </object_component>
      <object_component id="oc-663">
         <name>.text:_nop</name>
         <load_address>0x9f44</load_address>
         <run_address>0x9f44</run_address>
         <size>0x2</size>
         <input_file_ref idref="fl-4e"/>
      </object_component>
      <object_component id="oc-637">
         <name>.text:_system_post_cinit</name>
         <load_address>0x9f46</load_address>
         <run_address>0x9f46</run_address>
         <size>0x2</size>
         <input_file_ref idref="fl-48"/>
      </object_component>
      <object_component id="oc-4d3">
         <name>.text:_isr:_c_int00_noargs_mpu</name>
         <load_address>0x9f48</load_address>
         <run_address>0x9f48</run_address>
         <size>0x20</size>
         <input_file_ref idref="fl-44"/>
      </object_component>
      <object_component id="oc-49e">
         <name>.text:_isr:__TI_ISR_TRAP</name>
         <load_address>0x9f68</load_address>
         <run_address>0x9f68</run_address>
         <size>0x8</size>
         <input_file_ref idref="fl-26"/>
      </object_component>
      <object_component id="oc-4a3">
         <name>.text:_isr:sendISR</name>
         <load_address>0x9f70</load_address>
         <run_address>0x9f70</run_address>
         <size>0x6</size>
         <input_file_ref idref="fl-2"/>
      </object_component>
      <object_component id="oc-7d1">
         <name>.bss</name>
         <uninitialized>true</uninitialized>
         <run_address>0x21e6</run_address>
         <size>0x2</size>
         <input_file_ref idref="fl-6c"/>
      </object_component>
      <object_component id="oc-5ca">
         <name>.common:packet</name>
         <uninitialized>true</uninitialized>
         <run_address>0x21ce</run_address>
         <size>0x10</size>
      </object_component>
      <object_component id="oc-7e6">
         <name>.common:__TI_tmpnams</name>
         <uninitialized>true</uninitialized>
         <run_address>0x212e</run_address>
         <size>0xa0</size>
      </object_component>
      <object_component id="oc-7f1">
         <name>.common:parmbuf</name>
         <uninitialized>true</uninitialized>
         <run_address>0x21de</run_address>
         <size>0x8</size>
      </object_component>
      <object_component id="oc-62c">
         <name>.data</name>
         <load_address>0x212a</load_address>
         <run_address>0x212a</run_address>
         <size>0x2</size>
         <input_file_ref idref="fl-4c"/>
      </object_component>
      <object_component id="oc-632">
         <name>.data:__TI_cleanup_ptr</name>
         <load_address>0x2118</load_address>
         <run_address>0x2118</run_address>
         <size>0x4</size>
         <input_file_ref idref="fl-4d"/>
      </object_component>
      <object_component id="oc-62f">
         <name>.data:__TI_dtors_ptr</name>
         <load_address>0x211c</load_address>
         <run_address>0x211c</run_address>
         <size>0x4</size>
         <input_file_ref idref="fl-4d"/>
      </object_component>
      <object_component id="oc-5f1">
         <name>.data:_lock</name>
         <load_address>0x2120</load_address>
         <run_address>0x2120</run_address>
         <size>0x4</size>
         <input_file_ref idref="fl-4e"/>
      </object_component>
      <object_component id="oc-609">
         <name>.data:_unlock</name>
         <load_address>0x2124</load_address>
         <run_address>0x2124</run_address>
         <size>0x4</size>
         <input_file_ref idref="fl-4e"/>
      </object_component>
      <object_component id="oc-5f4">
         <name>.data:_ftable</name>
         <load_address>0x2078</load_address>
         <run_address>0x2078</run_address>
         <size>0x78</size>
         <input_file_ref idref="fl-54"/>
      </object_component>
      <object_component id="oc-79b">
         <name>.data</name>
         <load_address>0x2128</load_address>
         <run_address>0x2128</run_address>
         <size>0x2</size>
         <input_file_ref idref="fl-54"/>
      </object_component>
      <object_component id="oc-766">
         <name>.data:_device</name>
         <load_address>0x2000</load_address>
         <run_address>0x2000</run_address>
         <size>0x78</size>
         <input_file_ref idref="fl-5b"/>
      </object_component>
      <object_component id="oc-725">
         <name>.data:_stream</name>
         <load_address>0x20f0</load_address>
         <run_address>0x20f0</run_address>
         <size>0x28</size>
         <input_file_ref idref="fl-5b"/>
      </object_component>
      <object_component id="oc-7d6">
         <name>.data</name>
         <load_address>0x212c</load_address>
         <run_address>0x212c</run_address>
         <size>0x2</size>
         <input_file_ref idref="fl-6c"/>
      </object_component>
      <object_component id="oc-480">
         <name>.stack</name>
         <uninitialized>true</uninitialized>
         <run_address>0x2f60</run_address>
         <size>0x2</size>
         <input_file_ref idref="fl-44"/>
      </object_component>
      <object_component id="oc-8dc">
         <name>.stack</name>
         <uninitialized>true</uninitialized>
         <run_address>0x2f60</run_address>
         <size>0x0</size>
      </object_component>
      <object_component id="oc-72">
         <name>.int22</name>
         <load_address>0xffce</load_address>
         <run_address>0xffce</run_address>
         <size>0x2</size>
         <input_file_ref idref="fl-25"/>
      </object_component>
      <object_component id="oc-73">
         <name>.int23</name>
         <load_address>0xffd0</load_address>
         <run_address>0xffd0</run_address>
         <size>0x2</size>
         <input_file_ref idref="fl-27"/>
      </object_component>
      <object_component id="oc-74">
         <name>.int24</name>
         <load_address>0xffd2</load_address>
         <run_address>0xffd2</run_address>
         <size>0x2</size>
         <input_file_ref idref="fl-28"/>
      </object_component>
      <object_component id="oc-75">
         <name>.int25</name>
         <load_address>0xffd4</load_address>
         <run_address>0xffd4</run_address>
         <size>0x2</size>
         <input_file_ref idref="fl-29"/>
      </object_component>
      <object_component id="oc-76">
         <name>.int26</name>
         <load_address>0xffd6</load_address>
         <run_address>0xffd6</run_address>
         <size>0x2</size>
         <input_file_ref idref="fl-2a"/>
      </object_component>
      <object_component id="oc-77">
         <name>.int27</name>
         <load_address>0xffd8</load_address>
         <run_address>0xffd8</run_address>
         <size>0x2</size>
         <input_file_ref idref="fl-2b"/>
      </object_component>
      <object_component id="oc-78">
         <name>.int28</name>
         <load_address>0xffda</load_address>
         <run_address>0xffda</run_address>
         <size>0x2</size>
         <input_file_ref idref="fl-2c"/>
      </object_component>
      <object_component id="oc-79">
         <name>.int29</name>
         <load_address>0xffdc</load_address>
         <run_address>0xffdc</run_address>
         <size>0x2</size>
         <input_file_ref idref="fl-2d"/>
      </object_component>
      <object_component id="oc-7a">
         <name>.int30</name>
         <load_address>0xffde</load_address>
         <run_address>0xffde</run_address>
         <size>0x2</size>
         <input_file_ref idref="fl-2e"/>
      </object_component>
      <object_component id="oc-7b">
         <name>.int31</name>
         <load_address>0xffe0</load_address>
         <run_address>0xffe0</run_address>
         <size>0x2</size>
         <input_file_ref idref="fl-2"/>
      </object_component>
      <object_component id="oc-7c">
         <name>.int32</name>
         <load_address>0xffe2</load_address>
         <run_address>0xffe2</run_address>
         <size>0x2</size>
         <input_file_ref idref="fl-2f"/>
      </object_component>
      <object_component id="oc-7d">
         <name>.int33</name>
         <load_address>0xffe4</load_address>
         <run_address>0xffe4</run_address>
         <size>0x2</size>
         <input_file_ref idref="fl-30"/>
      </object_component>
      <object_component id="oc-7e">
         <name>.int34</name>
         <load_address>0xffe6</load_address>
         <run_address>0xffe6</run_address>
         <size>0x2</size>
         <input_file_ref idref="fl-31"/>
      </object_component>
      <object_component id="oc-7f">
         <name>.int35</name>
         <load_address>0xffe8</load_address>
         <run_address>0xffe8</run_address>
         <size>0x2</size>
         <input_file_ref idref="fl-32"/>
      </object_component>
      <object_component id="oc-80">
         <name>.int36</name>
         <load_address>0xffea</load_address>
         <run_address>0xffea</run_address>
         <size>0x2</size>
         <input_file_ref idref="fl-33"/>
      </object_component>
      <object_component id="oc-81">
         <name>.int37</name>
         <load_address>0xffec</load_address>
         <run_address>0xffec</run_address>
         <size>0x2</size>
         <input_file_ref idref="fl-34"/>
      </object_component>
      <object_component id="oc-82">
         <name>.int38</name>
         <load_address>0xffee</load_address>
         <run_address>0xffee</run_address>
         <size>0x2</size>
         <input_file_ref idref="fl-35"/>
      </object_component>
      <object_component id="oc-83">
         <name>.int39</name>
         <load_address>0xfff0</load_address>
         <run_address>0xfff0</run_address>
         <size>0x2</size>
         <input_file_ref idref="fl-36"/>
      </object_component>
      <object_component id="oc-84">
         <name>.int40</name>
         <load_address>0xfff2</load_address>
         <run_address>0xfff2</run_address>
         <size>0x2</size>
         <input_file_ref idref="fl-37"/>
      </object_component>
      <object_component id="oc-85">
         <name>.int41</name>
         <load_address>0xfff4</load_address>
         <run_address>0xfff4</run_address>
         <size>0x2</size>
         <input_file_ref idref="fl-38"/>
      </object_component>
      <object_component id="oc-86">
         <name>.int42</name>
         <load_address>0xfff6</load_address>
         <run_address>0xfff6</run_address>
         <size>0x2</size>
         <input_file_ref idref="fl-39"/>
      </object_component>
      <object_component id="oc-87">
         <name>.int43</name>
         <load_address>0xfff8</load_address>
         <run_address>0xfff8</run_address>
         <size>0x2</size>
         <input_file_ref idref="fl-3a"/>
      </object_component>
      <object_component id="oc-88">
         <name>.int44</name>
         <load_address>0xfffa</load_address>
         <run_address>0xfffa</run_address>
         <size>0x2</size>
         <input_file_ref idref="fl-3b"/>
      </object_component>
      <object_component id="oc-89">
         <name>.int45</name>
         <load_address>0xfffc</load_address>
         <run_address>0xfffc</run_address>
         <size>0x2</size>
         <input_file_ref idref="fl-3c"/>
      </object_component>
      <object_component id="oc-483">
         <name>.reset</name>
         <load_address>0xfffe</load_address>
         <run_address>0xfffe</run_address>
         <size>0x2</size>
         <input_file_ref idref="fl-44"/>
      </object_component>
      <object_component id="oc-579">
         <name>.debug_info</name>
         <load_address>0x0</load_address>
         <run_address>0x0</run_address>
         <size>0x40b</size>
         <input_file_ref idref="fl-2"/>
      </object_component>
      <object_component id="oc-660">
         <name>.debug_info</name>
         <load_address>0x40b</load_address>
         <run_address>0x40b</run_address>
         <size>0xd8</size>
         <input_file_ref idref="fl-2"/>
      </object_component>
      <object_component id="oc-533">
         <name>.debug_info</name>
         <load_address>0x4e3</load_address>
         <run_address>0x4e3</run_address>
         <size>0x110</size>
         <input_file_ref idref="fl-2"/>
      </object_component>
      <object_component id="oc-539">
         <name>.debug_info</name>
         <load_address>0x5f3</load_address>
         <run_address>0x5f3</run_address>
         <size>0x102</size>
         <input_file_ref idref="fl-2"/>
      </object_component>
      <object_component id="oc-5cf">
         <name>.debug_info</name>
         <load_address>0x6f5</load_address>
         <run_address>0x6f5</run_address>
         <size>0x104</size>
         <input_file_ref idref="fl-2"/>
      </object_component>
      <object_component id="oc-5db">
         <name>.debug_info</name>
         <load_address>0x7f9</load_address>
         <run_address>0x7f9</run_address>
         <size>0x102</size>
         <input_file_ref idref="fl-2"/>
      </object_component>
      <object_component id="oc-5d5">
         <name>.debug_info</name>
         <load_address>0x8fb</load_address>
         <run_address>0x8fb</run_address>
         <size>0xfe</size>
         <input_file_ref idref="fl-2"/>
      </object_component>
      <object_component id="oc-612">
         <name>.debug_info</name>
         <load_address>0x9f9</load_address>
         <run_address>0x9f9</run_address>
         <size>0x127</size>
         <input_file_ref idref="fl-2"/>
      </object_component>
      <object_component id="oc-618">
         <name>.debug_info</name>
         <load_address>0xb20</load_address>
         <run_address>0xb20</run_address>
         <size>0x12b</size>
         <input_file_ref idref="fl-2"/>
      </object_component>
      <object_component id="oc-61f">
         <name>.debug_info</name>
         <load_address>0xc4b</load_address>
         <run_address>0xc4b</run_address>
         <size>0x121</size>
         <input_file_ref idref="fl-2"/>
      </object_component>
      <object_component id="oc-550">
         <name>.debug_info</name>
         <load_address>0xd6c</load_address>
         <run_address>0xd6c</run_address>
         <size>0x13f</size>
         <input_file_ref idref="fl-2"/>
      </object_component>
      <object_component id="oc-561">
         <name>.debug_info</name>
         <load_address>0xeab</load_address>
         <run_address>0xeab</run_address>
         <size>0x174</size>
         <input_file_ref idref="fl-2"/>
      </object_component>
      <object_component id="oc-567">
         <name>.debug_info</name>
         <load_address>0x101f</load_address>
         <run_address>0x101f</run_address>
         <size>0x163</size>
         <input_file_ref idref="fl-2"/>
      </object_component>
      <object_component id="oc-56e">
         <name>.debug_info</name>
         <load_address>0x1182</load_address>
         <run_address>0x1182</run_address>
         <size>0x2f6</size>
         <input_file_ref idref="fl-2"/>
      </object_component>
      <object_component id="oc-574">
         <name>.debug_info</name>
         <load_address>0x1478</load_address>
         <run_address>0x1478</run_address>
         <size>0x348</size>
         <input_file_ref idref="fl-2"/>
      </object_component>
      <object_component id="oc-53d">
         <name>.debug_info</name>
         <load_address>0x17c0</load_address>
         <run_address>0x17c0</run_address>
         <size>0x176</size>
         <input_file_ref idref="fl-2"/>
      </object_component>
      <object_component id="oc-548">
         <name>.debug_info</name>
         <load_address>0x1936</load_address>
         <run_address>0x1936</run_address>
         <size>0x178</size>
         <input_file_ref idref="fl-2"/>
      </object_component>
      <object_component id="oc-5ec">
         <name>.debug_info</name>
         <load_address>0x1aae</load_address>
         <run_address>0x1aae</run_address>
         <size>0x16c</size>
         <input_file_ref idref="fl-2"/>
      </object_component>
      <object_component id="oc-5e0">
         <name>.debug_info</name>
         <load_address>0x1c1a</load_address>
         <run_address>0x1c1a</run_address>
         <size>0x10b</size>
         <input_file_ref idref="fl-2"/>
      </object_component>
      <object_component id="oc-5e5">
         <name>.debug_info</name>
         <load_address>0x1d25</load_address>
         <run_address>0x1d25</run_address>
         <size>0x109</size>
         <input_file_ref idref="fl-2"/>
      </object_component>
      <object_component id="oc-555">
         <name>.debug_info</name>
         <load_address>0x1e2e</load_address>
         <run_address>0x1e2e</run_address>
         <size>0x243</size>
         <input_file_ref idref="fl-2"/>
      </object_component>
      <object_component id="oc-502">
         <name>.debug_info</name>
         <load_address>0x2071</load_address>
         <run_address>0x2071</run_address>
         <size>0x237</size>
         <input_file_ref idref="fl-2"/>
      </object_component>
      <object_component id="oc-4a5">
         <name>.debug_info</name>
         <load_address>0x22a8</load_address>
         <run_address>0x22a8</run_address>
         <size>0x106</size>
         <input_file_ref idref="fl-2"/>
      </object_component>
      <object_component id="oc-626">
         <name>.debug_info</name>
         <load_address>0x23ae</load_address>
         <run_address>0x23ae</run_address>
         <size>0x26b</size>
         <input_file_ref idref="fl-2"/>
      </object_component>
      <object_component id="oc-48d">
         <name>.debug_info</name>
         <load_address>0x2619</load_address>
         <run_address>0x2619</run_address>
         <size>0x84</size>
         <input_file_ref idref="fl-2"/>
      </object_component>
      <object_component id="oc-6a2">
         <name>.debug_info</name>
         <load_address>0x269d</load_address>
         <run_address>0x269d</run_address>
         <size>0x275</size>
         <input_file_ref idref="fl-2"/>
      </object_component>
      <object_component id="oc-5c4">
         <name>.debug_info</name>
         <load_address>0x2912</load_address>
         <run_address>0x2912</run_address>
         <size>0x2c</size>
         <input_file_ref idref="fl-2"/>
      </object_component>
      <object_component id="oc-68c">
         <name>.debug_info</name>
         <load_address>0x293e</load_address>
         <run_address>0x293e</run_address>
         <size>0x2c</size>
         <input_file_ref idref="fl-2"/>
      </object_component>
      <object_component id="oc-69">
         <name>.debug_info</name>
         <load_address>0x296a</load_address>
         <run_address>0x296a</run_address>
         <size>0x2b7</size>
         <input_file_ref idref="fl-23"/>
      </object_component>
      <object_component id="oc-529">
         <name>.debug_info</name>
         <load_address>0x2c21</load_address>
         <run_address>0x2c21</run_address>
         <size>0x46</size>
         <input_file_ref idref="fl-23"/>
      </object_component>
      <object_component id="oc-4ea">
         <name>.debug_info</name>
         <load_address>0x2c67</load_address>
         <run_address>0x2c67</run_address>
         <size>0x39</size>
         <input_file_ref idref="fl-23"/>
      </object_component>
      <object_component id="oc-488">
         <name>.debug_info</name>
         <load_address>0x2ca0</load_address>
         <run_address>0x2ca0</run_address>
         <size>0x60</size>
         <input_file_ref idref="fl-23"/>
      </object_component>
      <object_component id="oc-49d">
         <name>.debug_info</name>
         <load_address>0x2d00</load_address>
         <run_address>0x2d00</run_address>
         <size>0x1d9</size>
         <input_file_ref idref="fl-24"/>
      </object_component>
      <object_component id="oc-6d">
         <name>.debug_info</name>
         <load_address>0x2ed9</load_address>
         <run_address>0x2ed9</run_address>
         <size>0x1f1</size>
         <input_file_ref idref="fl-24"/>
      </object_component>
      <object_component id="oc-498">
         <name>.debug_info</name>
         <load_address>0x30ca</load_address>
         <run_address>0x30ca</run_address>
         <size>0x46</size>
         <input_file_ref idref="fl-24"/>
      </object_component>
      <object_component id="oc-49f">
         <name>.debug_info</name>
         <load_address>0x3110</load_address>
         <run_address>0x3110</run_address>
         <size>0x10e</size>
         <input_file_ref idref="fl-26"/>
      </object_component>
      <object_component id="oc-4ab">
         <name>.debug_info</name>
         <load_address>0x321e</load_address>
         <run_address>0x321e</run_address>
         <size>0x1d2</size>
         <input_file_ref idref="fl-3d"/>
      </object_component>
      <object_component id="oc-4f5">
         <name>.debug_info</name>
         <load_address>0x33f0</load_address>
         <run_address>0x33f0</run_address>
         <size>0x46</size>
         <input_file_ref idref="fl-3d"/>
      </object_component>
      <object_component id="oc-495">
         <name>.debug_info</name>
         <load_address>0x3436</load_address>
         <run_address>0x3436</run_address>
         <size>0x120</size>
         <input_file_ref idref="fl-3e"/>
      </object_component>
      <object_component id="oc-6c0">
         <name>.debug_info</name>
         <load_address>0x3556</load_address>
         <run_address>0x3556</run_address>
         <size>0x12f</size>
         <input_file_ref idref="fl-3f"/>
      </object_component>
      <object_component id="oc-481">
         <name>.debug_info</name>
         <load_address>0x3685</load_address>
         <run_address>0x3685</run_address>
         <size>0xff</size>
         <input_file_ref idref="fl-44"/>
      </object_component>
      <object_component id="oc-4d6">
         <name>.debug_info</name>
         <load_address>0x3784</load_address>
         <run_address>0x3784</run_address>
         <size>0x192</size>
         <input_file_ref idref="fl-44"/>
      </object_component>
      <object_component id="oc-517">
         <name>.debug_info</name>
         <load_address>0x3916</load_address>
         <run_address>0x3916</run_address>
         <size>0x1ae</size>
         <input_file_ref idref="fl-45"/>
      </object_component>
      <object_component id="oc-5ba">
         <name>.debug_info</name>
         <load_address>0x3ac4</load_address>
         <run_address>0x3ac4</run_address>
         <size>0x18b</size>
         <input_file_ref idref="fl-45"/>
      </object_component>
      <object_component id="oc-63e">
         <name>.debug_info</name>
         <load_address>0x3c4f</load_address>
         <run_address>0x3c4f</run_address>
         <size>0x408</size>
         <input_file_ref idref="fl-47"/>
      </object_component>
      <object_component id="oc-5a2">
         <name>.debug_info</name>
         <load_address>0x4057</load_address>
         <run_address>0x4057</run_address>
         <size>0x215</size>
         <input_file_ref idref="fl-47"/>
      </object_component>
      <object_component id="oc-6b3">
         <name>.debug_info</name>
         <load_address>0x426c</load_address>
         <run_address>0x426c</run_address>
         <size>0x39</size>
         <input_file_ref idref="fl-47"/>
      </object_component>
      <object_component id="oc-6c4">
         <name>.debug_info</name>
         <load_address>0x42a5</load_address>
         <run_address>0x42a5</run_address>
         <size>0x2c</size>
         <input_file_ref idref="fl-47"/>
      </object_component>
      <object_component id="oc-649">
         <name>.debug_info</name>
         <load_address>0x42d1</load_address>
         <run_address>0x42d1</run_address>
         <size>0x2c</size>
         <input_file_ref idref="fl-47"/>
      </object_component>
      <object_component id="oc-6b8">
         <name>.debug_info</name>
         <load_address>0x42fd</load_address>
         <run_address>0x42fd</run_address>
         <size>0xcd</size>
         <input_file_ref idref="fl-47"/>
      </object_component>
      <object_component id="oc-638">
         <name>.debug_info</name>
         <load_address>0x43ca</load_address>
         <run_address>0x43ca</run_address>
         <size>0x14f</size>
         <input_file_ref idref="fl-48"/>
      </object_component>
      <object_component id="oc-4fe">
         <name>.debug_info</name>
         <load_address>0x4519</load_address>
         <run_address>0x4519</run_address>
         <size>0x152</size>
         <input_file_ref idref="fl-49"/>
      </object_component>
      <object_component id="oc-636">
         <name>.debug_info</name>
         <load_address>0x466b</load_address>
         <run_address>0x466b</run_address>
         <size>0x22d</size>
         <input_file_ref idref="fl-4c"/>
      </object_component>
      <object_component id="oc-62d">
         <name>.debug_info</name>
         <load_address>0x4898</load_address>
         <run_address>0x4898</run_address>
         <size>0x131</size>
         <input_file_ref idref="fl-4c"/>
      </object_component>
      <object_component id="oc-57d">
         <name>.debug_info</name>
         <load_address>0x49c9</load_address>
         <run_address>0x49c9</run_address>
         <size>0x121</size>
         <input_file_ref idref="fl-4c"/>
      </object_component>
      <object_component id="oc-585">
         <name>.debug_info</name>
         <load_address>0x4aea</load_address>
         <run_address>0x4aea</run_address>
         <size>0x196</size>
         <input_file_ref idref="fl-4c"/>
      </object_component>
      <object_component id="oc-6ab">
         <name>.debug_info</name>
         <load_address>0x4c80</load_address>
         <run_address>0x4c80</run_address>
         <size>0x102</size>
         <input_file_ref idref="fl-4d"/>
      </object_component>
      <object_component id="oc-633">
         <name>.debug_info</name>
         <load_address>0x4d82</load_address>
         <run_address>0x4d82</run_address>
         <size>0x119</size>
         <input_file_ref idref="fl-4d"/>
      </object_component>
      <object_component id="oc-630">
         <name>.debug_info</name>
         <load_address>0x4e9b</load_address>
         <run_address>0x4e9b</run_address>
         <size>0x115</size>
         <input_file_ref idref="fl-4d"/>
      </object_component>
      <object_component id="oc-66b">
         <name>.debug_info</name>
         <load_address>0x4fb0</load_address>
         <run_address>0x4fb0</run_address>
         <size>0x162</size>
         <input_file_ref idref="fl-4e"/>
      </object_component>
      <object_component id="oc-5f2">
         <name>.debug_info</name>
         <load_address>0x5112</load_address>
         <run_address>0x5112</run_address>
         <size>0xfe</size>
         <input_file_ref idref="fl-4e"/>
      </object_component>
      <object_component id="oc-60a">
         <name>.debug_info</name>
         <load_address>0x5210</load_address>
         <run_address>0x5210</run_address>
         <size>0x102</size>
         <input_file_ref idref="fl-4e"/>
      </object_component>
      <object_component id="oc-666">
         <name>.debug_info</name>
         <load_address>0x5312</load_address>
         <run_address>0x5312</run_address>
         <size>0x12d</size>
         <input_file_ref idref="fl-4e"/>
      </object_component>
      <object_component id="oc-5c3">
         <name>.debug_info</name>
         <load_address>0x543f</load_address>
         <run_address>0x543f</run_address>
         <size>0x180</size>
         <input_file_ref idref="fl-4f"/>
      </object_component>
      <object_component id="oc-542">
         <name>.debug_info</name>
         <load_address>0x55bf</load_address>
         <run_address>0x55bf</run_address>
         <size>0x179</size>
         <input_file_ref idref="fl-4f"/>
      </object_component>
      <object_component id="oc-60d">
         <name>.debug_info</name>
         <load_address>0x5738</load_address>
         <run_address>0x5738</run_address>
         <size>0x2bc</size>
         <input_file_ref idref="fl-50"/>
      </object_component>
      <object_component id="oc-600">
         <name>.debug_info</name>
         <load_address>0x59f4</load_address>
         <run_address>0x59f4</run_address>
         <size>0x161</size>
         <input_file_ref idref="fl-50"/>
      </object_component>
      <object_component id="oc-5fa">
         <name>.debug_info</name>
         <load_address>0x5b55</load_address>
         <run_address>0x5b55</run_address>
         <size>0x165</size>
         <input_file_ref idref="fl-50"/>
      </object_component>
      <object_component id="oc-55e">
         <name>.debug_info</name>
         <load_address>0x5cba</load_address>
         <run_address>0x5cba</run_address>
         <size>0x183</size>
         <input_file_ref idref="fl-50"/>
      </object_component>
      <object_component id="oc-69a">
         <name>.debug_info</name>
         <load_address>0x5e3d</load_address>
         <run_address>0x5e3d</run_address>
         <size>0xb2</size>
         <input_file_ref idref="fl-50"/>
      </object_component>
      <object_component id="oc-68b">
         <name>.debug_info</name>
         <load_address>0x5eef</load_address>
         <run_address>0x5eef</run_address>
         <size>0x2d1</size>
         <input_file_ref idref="fl-51"/>
      </object_component>
      <object_component id="oc-6f9">
         <name>.debug_info</name>
         <load_address>0x61c0</load_address>
         <run_address>0x61c0</run_address>
         <size>0x29a</size>
         <input_file_ref idref="fl-51"/>
      </object_component>
      <object_component id="oc-687">
         <name>.debug_info</name>
         <load_address>0x645a</load_address>
         <run_address>0x645a</run_address>
         <size>0x28e</size>
         <input_file_ref idref="fl-51"/>
      </object_component>
      <object_component id="oc-606">
         <name>.debug_info</name>
         <load_address>0x66e8</load_address>
         <run_address>0x66e8</run_address>
         <size>0x316</size>
         <input_file_ref idref="fl-51"/>
      </object_component>
      <object_component id="oc-691">
         <name>.debug_info</name>
         <load_address>0x69fe</load_address>
         <run_address>0x69fe</run_address>
         <size>0x86</size>
         <input_file_ref idref="fl-51"/>
      </object_component>
      <object_component id="oc-738">
         <name>.debug_info</name>
         <load_address>0x6a84</load_address>
         <run_address>0x6a84</run_address>
         <size>0x39</size>
         <input_file_ref idref="fl-51"/>
      </object_component>
      <object_component id="oc-704">
         <name>.debug_info</name>
         <load_address>0x6abd</load_address>
         <run_address>0x6abd</run_address>
         <size>0x2c</size>
         <input_file_ref idref="fl-51"/>
      </object_component>
      <object_component id="oc-733">
         <name>.debug_info</name>
         <load_address>0x6ae9</load_address>
         <run_address>0x6ae9</run_address>
         <size>0x120</size>
         <input_file_ref idref="fl-52"/>
      </object_component>
      <object_component id="oc-66e">
         <name>.debug_info</name>
         <load_address>0x6c09</load_address>
         <run_address>0x6c09</run_address>
         <size>0x13d</size>
         <input_file_ref idref="fl-54"/>
      </object_component>
      <object_component id="oc-5f5">
         <name>.debug_info</name>
         <load_address>0x6d46</load_address>
         <run_address>0x6d46</run_address>
         <size>0x101</size>
         <input_file_ref idref="fl-54"/>
      </object_component>
      <object_component id="oc-79c">
         <name>.debug_info</name>
         <load_address>0x6e47</load_address>
         <run_address>0x6e47</run_address>
         <size>0x109</size>
         <input_file_ref idref="fl-54"/>
      </object_component>
      <object_component id="oc-6eb">
         <name>.debug_info</name>
         <load_address>0x6f50</load_address>
         <run_address>0x6f50</run_address>
         <size>0x25a</size>
         <input_file_ref idref="fl-55"/>
      </object_component>
      <object_component id="oc-67a">
         <name>.debug_info</name>
         <load_address>0x71aa</load_address>
         <run_address>0x71aa</run_address>
         <size>0x1cf</size>
         <input_file_ref idref="fl-55"/>
      </object_component>
      <object_component id="oc-724">
         <name>.debug_info</name>
         <load_address>0x7379</load_address>
         <run_address>0x7379</run_address>
         <size>0x21e</size>
         <input_file_ref idref="fl-56"/>
[...]
      </symbol>
      <symbol id="sm-551">
         <name>sendISR</name>
         <value>0x9f70</value>
         <object_component_ref idref="oc-4a3"/>
      </symbol>
      <symbol id="sm-552">
         <name>main</name>
         <value>0x8e54</value>
         <object_component_ref idref="oc-501"/>
      </symbol>
      <symbol id="sm-553">
         <name>delay</name>
         <value>0x9e3c</value>
         <object_component_ref idref="oc-5d1"/>
      </symbol>
      <symbol id="sm-554">
         <name>clearAllLed</name>
         <value>0x9c16</value>
         <object_component_ref idref="oc-54d"/>
      </symbol>
      <symbol id="sm-555">
         <name>checkKeypad</name>
         <value>0x8724</value>
         <object_component_ref idref="oc-553"/>
      </symbol>
      <symbol id="sm-556">
         <name>bPattern</name>
         <value>0x9a78</value>
         <object_component_ref idref="oc-566"/>
      </symbol>
      <symbol id="sm-557">
         <name>changeCOut</name>
         <value>0x9cfc</value>
         <object_component_ref idref="oc-5de"/>
      </symbol>
      <symbol id="sm-558">
         <name>initI2C</name>
         <value>0x980c</value>
         <object_component_ref idref="oc-535"/>
      </symbol>
      <symbol id="sm-559">
         <name>setLed</name>
         <value>0x9f12</value>
         <object_component_ref idref="oc-60e"/>
      </symbol>
      <symbol id="sm-55a">
         <name>whichKey</name>
         <value>0x9976</value>
         <object_component_ref idref="oc-5ea"/>
      </symbol>
      <symbol id="sm-55b">
         <name>readCol</name>
         <value>0x921c</value>
         <object_component_ref idref="oc-53b"/>
      </symbol>
      <symbol id="sm-55c">
         <name>dPattern</name>
         <value>0x8580</value>
         <object_component_ref idref="oc-572"/>
      </symbol>
      <symbol id="sm-55d">
         <name>aPattern</name>
         <value>0x9baa</value>
         <object_component_ref idref="oc-560"/>
      </symbol>
      <symbol id="sm-55e">
         <name>startI2C</name>
         <value>0x9f30</value>
         <object_component_ref idref="oc-5cb"/>
      </symbol>
      <symbol id="sm-57f">
         <name>__TI_decompress_lzss</name>
         <value>0x8ac8</value>
         <object_component_ref idref="oc-66"/>
      </symbol>
      <symbol id="sm-590">
         <name>__TI_decompress_none</name>
         <value>0x9b6e</value>
         <object_component_ref idref="oc-6c"/>
      </symbol>
      <symbol id="sm-593">
         <name>__TI_int22</name>
         <value>0xffce</value>
         <object_component_ref idref="oc-72"/>
      </symbol>
      <symbol id="sm-59b">
         <name>__TI_ISR_TRAP</name>
         <value>0x9f68</value>
         <object_component_ref idref="oc-49e"/>
      </symbol>
      <symbol id="sm-59e">
         <name>__TI_int23</name>
         <value>0xffd0</value>
         <object_component_ref idref="oc-73"/>
      </symbol>
      <symbol id="sm-5a1">
         <name>__TI_int24</name>
         <value>0xffd2</value>
         <object_component_ref idref="oc-74"/>
      </symbol>
      <symbol id="sm-5a4">
         <name>__TI_int25</name>
         <value>0xffd4</value>
         <object_component_ref idref="oc-75"/>
      </symbol>
      <symbol id="sm-5a7">
         <name>__TI_int26</name>
         <value>0xffd6</value>
         <object_component_ref idref="oc-76"/>
      </symbol>
      <symbol id="sm-5aa">
         <name>__TI_int27</name>
         <value>0xffd8</value>
         <object_component_ref idref="oc-77"/>
      </symbol>
      <symbol id="sm-5ad">
         <name>__TI_int28</name>
         <value>0xffda</value>
         <object_component_ref idref="oc-78"/>
      </symbol>
      <symbol id="sm-5b0">
         <name>__TI_int29</name>
         <value>0xffdc</value>
         <object_component_ref idref="oc-79"/>
      </symbol>
      <symbol id="sm-5b3">
         <name>__TI_int30</name>
         <value>0xffde</value>
         <object_component_ref idref="oc-7a"/>
      </symbol>
      <symbol id="sm-5b6">
         <name>__TI_int32</name>
         <value>0xffe2</value>
         <object_component_ref idref="oc-7c"/>
      </symbol>
      <symbol id="sm-5b9">
         <name>__TI_int33</name>
         <value>0xffe4</value>
         <object_component_ref idref="oc-7d"/>
      </symbol>
      <symbol id="sm-5bc">
         <name>__TI_int34</name>
         <value>0xffe6</value>
         <object_component_ref idref="oc-7e"/>
      </symbol>
      <symbol id="sm-5bf">
         <name>__TI_int35</name>
         <value>0xffe8</value>
         <object_component_ref idref="oc-7f"/>
      </symbol>
      <symbol id="sm-5c2">
         <name>__TI_int36</name>
         <value>0xffea</value>
         <object_component_ref idref="oc-80"/>
      </symbol>
      <symbol id="sm-5c5">
         <name>__TI_int37</name>
         <value>0xffec</value>
         <object_component_ref idref="oc-81"/>
      </symbol>
      <symbol id="sm-5c8">
         <name>__TI_int38</name>
         <value>0xffee</value>
         <object_component_ref idref="oc-82"/>
      </symbol>
      <symbol id="sm-5cb">
         <name>__TI_int39</name>
         <value>0xfff0</value>
         <object_component_ref idref="oc-83"/>
      </symbol>
      <symbol id="sm-5ce">
         <name>__TI_int40</name>
         <value>0xfff2</value>
         <object_component_ref idref="oc-84"/>
      </symbol>
      <symbol id="sm-5d1">
         <name>__TI_int41</name>
         <value>0xfff4</value>
         <object_component_ref idref="oc-85"/>
      </symbol>
      <symbol id="sm-5d4">
         <name>__TI_int42</name>
         <value>0xfff6</value>
         <object_component_ref idref="oc-86"/>
      </symbol>
      <symbol id="sm-5d7">
         <name>__TI_int43</name>
         <value>0xfff8</value>
         <object_component_ref idref="oc-87"/>
      </symbol>
      <symbol id="sm-5da">
         <name>__TI_int44</name>
         <value>0xfffa</value>
         <object_component_ref idref="oc-88"/>
      </symbol>
      <symbol id="sm-5dd">
         <name>__TI_int45</name>
         <value>0xfffc</value>
         <object_component_ref idref="oc-89"/>
      </symbol>
      <symbol id="sm-5ed">
         <name>__TI_zero_init_nomemset</name>
         <value>0x9ab6</value>
         <object_component_ref idref="oc-4a9"/>
      </symbol>
      <symbol id="sm-5f8">
         <name>__memcpy_far</name>
         <value>0x99b8</value>
         <object_component_ref idref="oc-492"/>
      </symbol>
      <symbol id="sm-600">
         <name>__mspabi_mpyi_f5hw</name>
         <value>0x9e54</value>
         <object_component_ref idref="oc-6bd"/>
      </symbol>
      <symbol id="sm-614">
         <name>_c_int00_noargs_mpu</name>
         <value>0x9f48</value>
         <object_component_ref idref="oc-4d3"/>
      </symbol>
      <symbol id="sm-615">
         <name>_stack</name>
         <value>0x2f60</value>
         <object_component_ref idref="oc-480"/>
      </symbol>
      <symbol id="sm-616">
         <name>_reset_vector</name>
         <value>0xfffe</value>
         <object_component_ref idref="oc-483"/>
      </symbol>
      <symbol id="sm-624">
         <name>__mpu_init</name>
         <value>0x9b32</value>
         <object_component_ref idref="oc-513"/>
      </symbol>
      <symbol id="sm-647">
         <name>__TI_auto_init_nobinit_nopinit_hold_wdt</name>
         <value>0x9490</value>
         <object_component_ref idref="oc-59f"/>
      </symbol>
      <symbol id="sm-650">
         <name>_system_post_cinit</name>
         <value>0x9f46</value>
         <object_component_ref idref="oc-637"/>
      </symbol>
      <symbol id="sm-659">
         <name>_system_pre_init</name>
         <value>0x9f40</value>
         <object_component_ref idref="oc-4fb"/>
      </symbol>
      <symbol id="sm-678">
         <name>C$$EXIT</name>
         <value>0x9f2a</value>
         <object_component_ref idref="oc-57b"/>
      </symbol>
      <symbol id="sm-679">
         <name>abort</name>
         <value>0x9f2a</value>
         <object_component_ref idref="oc-57b"/>
      </symbol>
      <symbol id="sm-67a">
         <name>__TI_enable_exit_profile_output</name>
         <value>0x212a</value>
         <object_component_ref idref="oc-62c"/>
      </symbol>
      <symbol id="sm-67b">
         <name>exit</name>
         <value>0x98a6</value>
         <object_component_ref idref="oc-581"/>
      </symbol>
      <symbol id="sm-68a">
         <name>__TI_dtors_ptr</name>
         <value>0x211c</value>
         <object_component_ref idref="oc-62f"/>
      </symbol>
      <symbol id="sm-68b">
         <name>__TI_cleanup_ptr</name>
         <value>0x2118</value>
         <object_component_ref idref="oc-632"/>
      </symbol>
      <symbol id="sm-6a1">
         <name>_nop</name>
         <value>0x9f44</value>
         <object_component_ref idref="oc-663"/>
      </symbol>
      <symbol id="sm-6a2">
         <name>_lock</name>
         <value>0x2120</value>
         <object_component_ref idref="oc-5f1"/>
      </symbol>
      <symbol id="sm-6a3">
         <name>_unlock</name>
         <value>0x2124</value>
         <object_component_ref idref="oc-609"/>
      </symbol>
      <symbol id="sm-6b1">
         <name>memcpy</name>
         <value>0x9ed8</value>
         <object_component_ref idref="oc-541"/>
      </symbol>
      <symbol id="sm-6d4">
         <name>printf</name>
         <value>0x9a38</value>
         <object_component_ref idref="oc-55a"/>
      </symbol>
      <symbol id="sm-722">
         <name>__TI_printfi_minimal</name>
         <value>0x8bb6</value>
         <object_component_ref idref="oc-603"/>
      </symbol>
      <symbol id="sm-72c">
         <name>__mspabi_remu</name>
         <value>0x9e9a</value>
         <object_component_ref idref="oc-732"/>
      </symbol>
      <symbol id="sm-72d">
         <name>__mspabi_divu</name>
         <value>0x9e9a</value>
         <object_component_ref idref="oc-732"/>
      </symbol>
      <symbol id="sm-73e">
         <name>__TI_tmpnams</name>
         <value>0x212e</value>
      </symbol>
      <symbol id="sm-73f">
         <name>_ftable</name>
         <value>0x2078</value>
         <object_component_ref idref="oc-5f4"/>
      </symbol>
      <symbol id="sm-740">
         <name>__TI_ft_end</name>
         <value>0x2128</value>
         <object_component_ref idref="oc-79b"/>
      </symbol>
      <symbol id="sm-753">
         <name>putc</name>
         <value>0x9190</value>
         <object_component_ref idref="oc-677"/>
      </symbol>
      <symbol id="sm-754">
         <name>fputc</name>
         <value>0x9190</value>
         <object_component_ref idref="oc-677"/>
      </symbol>
      <symbol id="sm-765">
         <name>__TI_doflush</name>
         <value>0x9698</value>
         <object_component_ref idref="oc-6dc"/>
      </symbol>
      <symbol id="sm-77d">
         <name>__TI_wrt_ok</name>
         <value>0x93ac</value>
         <object_component_ref idref="oc-6d0"/>
      </symbol>
      <symbol id="sm-795">
         <name>fputs</name>
         <value>0x8d76</value>
         <object_component_ref idref="oc-670"/>
      </symbol>
      <symbol id="sm-7aa">
         <name>fseek</name>
         <value>0x94fa</value>
         <object_component_ref idref="oc-713"/>
      </symbol>
      <symbol id="sm-7bc">
         <name>lseek</name>
         <value>0x9da2</value>
         <object_component_ref idref="oc-73f"/>
      </symbol>
      <symbol id="sm-7cb">
         <name>_stream</name>
         <value>0x20f0</value>
         <object_component_ref idref="oc-725"/>
      </symbol>
      <symbol id="sm-7cc">
         <name>_device</name>
         <value>0x2000</value>
         <object_component_ref idref="oc-766"/>
      </symbol>
      <symbol id="sm-7d8">
         <name>HOSTclose</name>
         <value>0x98ee</value>
         <object_component_ref idref="oc-7a7"/>
      </symbol>
      <symbol id="sm-7e4">
         <name>HOSTlseek</name>
         <value>0x932a</value>
         <object_component_ref idref="oc-7b9"/>
      </symbol>
      <symbol id="sm-7f2">
         <name>parmbuf</name>
         <value>0x21de</value>
      </symbol>
      <symbol id="sm-7f3">
         <name>HOSTopen</name>
         <value>0x9634</value>
         <object_component_ref idref="oc-7a1"/>
      </symbol>
      <symbol id="sm-800">
         <name>HOSTread</name>
         <value>0x975a</value>
         <object_component_ref idref="oc-7ad"/>
      </symbol>
      <symbol id="sm-80c">
         <name>HOSTrename</name>
         <value>0x9426</value>
         <object_component_ref idref="oc-7c5"/>
      </symbol>
      <symbol id="sm-818">
         <name>HOSTunlink</name>
         <value>0x9934</value>
         <object_component_ref idref="oc-7bf"/>
      </symbol>
      <symbol id="sm-825">
         <name>HOSTwrite</name>
         <value>0x96fa</value>
         <object_component_ref idref="oc-7b3"/>
      </symbol>
      <symbol id="sm-843">
         <name>__TI_readmsg</name>
         <value>0x9ca4</value>
         <object_component_ref idref="oc-7fa"/>
      </symbol>
      <symbol id="sm-844">
         <name>C$$IO$$</name>
         <value>0x9c72</value>
         <object_component_ref idref="oc-7f4"/>
      </symbol>
      <symbol id="sm-845">
         <name>_CIOBUF_</name>
         <value>0x8000</value>
         <object_component_ref idref="oc-82b"/>
      </symbol>
      <symbol id="sm-846">
         <name>__TI_writemsg</name>
         <value>0x9c48</value>
         <object_component_ref idref="oc-7f4"/>
      </symbol>
      <symbol id="sm-84e">
         <name>__mspabi_slll_9</name>
         <value>0x9b0c</value>
         <object_component_ref idref="oc-807"/>
      </symbol>
      <symbol id="sm-84f">
         <name>__mspabi_slll_8</name>
         <value>0x9b10</value>
         <object_component_ref idref="oc-807"/>
      </symbol>
      <symbol id="sm-850">
         <name>__mspabi_slll_7</name>
         <value>0x9b14</value>
         <object_component_ref idref="oc-807"/>
      </symbol>
      <symbol id="sm-851">
         <name>__mspabi_slll_6</name>
         <value>0x9b18</value>
         <object_component_ref idref="oc-807"/>
      </symbol>
      <symbol id="sm-852">
         <name>__mspabi_slll_5</name>
         <value>0x9b1c</value>
         <object_component_ref idref="oc-807"/>
      </symbol>
      <symbol id="sm-853">
         <name>__mspabi_slll_4</name>
         <value>0x9b20</value>
         <object_component_ref idref="oc-807"/>
      </symbol>
      <symbol id="sm-854">
         <name>__mspabi_slll_3</name>
         <value>0x9b24</value>
         <object_component_ref idref="oc-807"/>
      </symbol>
      <symbol id="sm-855">
         <name>__mspabi_slll_2</name>
         <value>0x9b28</value>
         <object_component_ref idref="oc-807"/>
      </symbol>
      <symbol id="sm-856">
         <name>__mspabi_slll_1</name>
         <value>0x9b2c</value>
         <object_component_ref idref="oc-807"/>
      </symbol>
      <symbol id="sm-857">
         <name>__mspabi_slll_15</name>
         <value>0x9af4</value>
         <object_component_ref idref="oc-807"/>
      </symbol>
      <symbol id="sm-858">
         <name>__mspabi_slll_14</name>
         <value>0x9af8</value>
         <object_component_ref idref="oc-807"/>
      </symbol>
      <symbol id="sm-859">
         <name>__mspabi_slll_13</name>
         <value>0x9afc</value>
         <object_component_ref idref="oc-807"/>
      </symbol>
      <symbol id="sm-85a">
         <name>__mspabi_slll_12</name>
         <value>0x9b00</value>
         <object_component_ref idref="oc-807"/>
      </symbol>
      <symbol id="sm-85b">
         <name>__mspabi_slll_11</name>
         <value>0x9b04</value>
         <object_component_ref idref="oc-807"/>
      </symbol>
      <symbol id="sm-85c">
         <name>__mspabi_slll_10</name>
         <value>0x9b08</value>
         <object_component_ref idref="oc-807"/>
      </symbol>
      <symbol id="sm-86b">
         <name>memccpy</name>
         <value>0x9e08</value>
         <object_component_ref idref="oc-6fb"/>
      </symbol>
      <symbol id="sm-87a">
         <name>memchr</name>
         <value>0x9eb0</value>
         <object_component_ref idref="oc-6d6"/>
      </symbol>
      <symbol id="sm-888">
         <name>memset</name>
         <value>0x9ec4</value>
         <object_component_ref idref="oc-6ee"/>
      </symbol>
      <symbol id="sm-8a0">
         <name>setvbuf</name>
         <value>0x9000</value>
         <object_component_ref idref="oc-719"/>
      </symbol>
      <symbol id="sm-8b1">
         <name>__TI_cleanup</name>
         <value>0x9be4</value>
         <object_component_ref idref="oc-753"/>
      </symbol>
      <symbol id="sm-8c2">
         <name>__TI_closefile</name>
         <value>0x9564</value>
         <object_component_ref idref="oc-795"/>
      </symbol>
      <symbol id="sm-8d4">
         <name>close</name>
         <value>0x985c</value>
         <object_component_ref idref="oc-7e0"/>
      </symbol>
      <symbol id="sm-94f">
         <name>_sys_memory</name>
         <value>0x8120</value>
         <object_component_ref idref="oc-484"/>
      </symbol>
      <symbol id="sm-950">
         <name>free</name>
         <value>0x8f2e</value>
         <object_component_ref idref="oc-747"/>
      </symbol>
      <symbol id="sm-951">
         <name>memalign</name>
         <value>0x89ca</value>
         <object_component_ref idref="oc-78e"/>
      </symbol>
      <symbol id="sm-952">
         <name>malloc</name>
         <value>0x9f1c</value>
         <object_component_ref idref="oc-74d"/>
      </symbol>
      <symbol id="sm-953">
         <name>aligned_alloc</name>
         <value>0x89ca</value>
         <object_component_ref idref="oc-78e"/>
      </symbol>
      <symbol id="sm-973">
         <name>finddevice</name>
         <value>0x9c76</value>
         <object_component_ref idref="oc-84e"/>
      </symbol>
      <symbol id="sm-974">
         <name>getdevice</name>
         <value>0x97b8</value>
         <object_component_ref idref="oc-81f"/>
      </symbol>
      <symbol id="sm-984">
         <name>strchr</name>
         <value>0x9e22</value>
         <object_component_ref idref="oc-842"/>
      </symbol>
      <symbol id="sm-992">
         <name>strcmp</name>
         <value>0x9e6c</value>
         <object_component_ref idref="oc-867"/>
      </symbol>
      <symbol id="sm-99f">
         <name>strcpy</name>
         <value>0x9eea</value>
         <object_component_ref idref="oc-810"/>
      </symbol>
      <symbol id="sm-9ac">
         <name>strlen</name>
         <value>0x9efa</value>
         <object_component_ref idref="oc-67e"/>
      </symbol>
      <symbol id="sm-9bc">
         <name>strncpy</name>
         <value>0x9cd0</value>
         <object_component_ref idref="oc-848"/>
      </symbol>
      <symbol id="sm-9c8">
         <name>unlink</name>
         <value>0x9d50</value>
         <object_component_ref idref="oc-7e7"/>
      </symbol>
      <symbol id="sm-9d5">
         <name>write</name>
         <value>0x9dc8</value>
         <object_component_ref idref="oc-6e2"/>
      </symbol>
      <symbol id="sm-9dc">
         <name>remove</name>
         <value>0x9d50</value>
      </symbol>
   </symbol_table>
   <title>Link successful</title>
</link_info>
